Component: ARM Compiler 5.06 update 6 (build 750) Tool: armlink [4d35ed]

==============================================================================

Section Cross References

    main.o(i.GPIOPortJ_Handler) refers to main.o(i.init_Delay) for init_Delay
    main.o(i.GPIOPortJ_Handler) refers to main.o(i.wait_end_Delay) for wait_end_Delay
    main.o(i.GPIOPortJ_Handler) refers to main.o(.data) for bandera2
    main.o(i.LcdBitmap) refers to main.o(i.lcdwrite) for lcdwrite
    main.o(i.LcdClear) refers to main.o(i.lcdwrite) for lcdwrite
    main.o(i.Nokia5110_Init) refers to main.o(i.lcdwrite) for lcdwrite
    main.o(i.Nokia5110_OutChar) refers to main.o(i.lcdwrite) for lcdwrite
    main.o(i.Nokia5110_OutChar) refers to main.o(.constdata) for ASCII
    main.o(i.Nokia5110_OutString) refers to main.o(i.Nokia5110_OutChar) for Nokia5110_OutChar
    main.o(i.TIMER0A_Handler) refers to main.o(.data) for segTimer
    main.o(i.TIMER1A_Handler) refers to main.o(.data) for bandera2
    main.o(i.configurarPantallaNokia) refers to main.o(i.Nokia5110_Init) for Nokia5110_Init
    main.o(i.configurarPantallaNokia) refers to main.o(i.LcdClear) for LcdClear
    main.o(i.configurarRTC) refers to main.o(i.Timer0A_Init) for Timer0A_Init
    main.o(i.inicializacionPuertos) refers to main.o(i.configN) for configN
    main.o(i.inicializacionPuertos) refers to main.o(i.configJ) for configJ
    main.o(i.inicializacionPuertos) refers to main.o(i.initPortD) for initPortD
    main.o(i.inicializar_mostrar_hora) refers to main.o(i.LcdClear) for LcdClear
    main.o(i.inicializar_mostrar_hora) refers to main.o(i.lcdwrite) for lcdwrite
    main.o(i.inicializar_mostrar_hora) refers to main.o(i.Nokia5110_OutString) for Nokia5110_OutString
    main.o(i.limpiar_horas) refers to main.o(i.lcdwrite) for lcdwrite
    main.o(i.limpiar_horas) refers to main.o(i.Nokia5110_OutString) for Nokia5110_OutString
    main.o(i.limpiar_minutos) refers to main.o(i.lcdwrite) for lcdwrite
    main.o(i.limpiar_minutos) refers to main.o(i.Nokia5110_OutString) for Nokia5110_OutString
    main.o(i.limpiar_segundos) refers to main.o(i.lcdwrite) for lcdwrite
    main.o(i.limpiar_segundos) refers to main.o(i.Nokia5110_OutString) for Nokia5110_OutString
    main.o(i.main) refers to main.o(i.inicializacionPuertos) for inicializacionPuertos
    main.o(i.main) refers to main.o(i.configurarRTC) for configurarRTC
    main.o(i.main) refers to main.o(i.configurarTimer1) for configurarTimer1
    main.o(i.main) refers to main.o(i.configurarPantallaNokia) for configurarPantallaNokia
    main.o(i.main) refers to main.o(i.LcdClear) for LcdClear
    main.o(i.main) refers to main.o(i.primerPlano) for primerPlano
    main.o(i.mostrar_hora_min_seg) refers to main.o(i.mostrar_hora_t) for mostrar_hora_t
    main.o(i.mostrar_hora_t) refers to main.o(i.LcdClear) for LcdClear
    main.o(i.mostrar_hora_t) refers to main.o(i.lcdwrite) for lcdwrite
    main.o(i.mostrar_hora_t) refers to main.o(i.Nokia5110_OutString) for Nokia5110_OutString
    main.o(i.mostrar_horas) refers to main.o(i.lcdwrite) for lcdwrite
    main.o(i.mostrar_horas) refers to main.o(i.Nokia5110_OutString) for Nokia5110_OutString
    main.o(i.mostrar_minutos) refers to main.o(i.lcdwrite) for lcdwrite
    main.o(i.mostrar_minutos) refers to main.o(i.Nokia5110_OutString) for Nokia5110_OutString
    main.o(i.mostrar_segundos) refers to main.o(i.lcdwrite) for lcdwrite
    main.o(i.mostrar_segundos) refers to main.o(i.Nokia5110_OutString) for Nokia5110_OutString
    main.o(i.primerPlano) refers to startup_tm4c129.o(.text) for EnableInterrupts
    main.o(i.primerPlano) refers to main.o(i.programarHora) for programarHora
    main.o(i.primerPlano) refers to main.o(i.init_Delay) for init_Delay
    main.o(i.primerPlano) refers to main.o(i.mostrar_hora_t) for mostrar_hora_t
    main.o(i.primerPlano) refers to main.o(.data) for segTimer
    main.o(i.programarHora) refers to startup_tm4c129.o(.text) for DisableInterrupts
    main.o(i.programarHora) refers to main.o(i.limpiar_horas) for limpiar_horas
    main.o(i.programarHora) refers to main.o(i.init_Delay) for init_Delay
    main.o(i.programarHora) refers to main.o(i.wait_end_Delay) for wait_end_Delay
    main.o(i.programarHora) refers to main.o(i.mostrar_hora_min_seg) for mostrar_hora_min_seg
    main.o(i.programarHora) refers to main.o(i.limpiar_minutos) for limpiar_minutos
    main.o(i.programarHora) refers to main.o(i.limpiar_segundos) for limpiar_segundos
    startup_tm4c129.o(STACK) refers (Special) to heapauxi.o(.text) for __use_two_region_memory
    startup_tm4c129.o(HEAP) refers (Special) to heapauxi.o(.text) for __use_two_region_memory
    startup_tm4c129.o(RESET) refers (Special) to heapauxi.o(.text) for __use_two_region_memory
    startup_tm4c129.o(RESET) refers to startup_tm4c129.o(STACK) for __initial_sp
    startup_tm4c129.o(RESET) refers to startup_tm4c129.o(.text) for Reset_Handler
    startup_tm4c129.o(RESET) refers to main.o(i.TIMER0A_Handler) for TIMER0A_Handler
    startup_tm4c129.o(RESET) refers to main.o(i.TIMER1A_Handler) for TIMER1A_Handler
    startup_tm4c129.o(.text) refers (Special) to heapauxi.o(.text) for __use_two_region_memory
    startup_tm4c129.o(.text) refers to main.o(i.GPIOPortJ_Handler) for GPIOPortJ_Handler
    startup_tm4c129.o(.text) refers to system_tm4c129.o(i.SystemInit) for SystemInit
    startup_tm4c129.o(.text) refers to __main.o(!!!main) for __main
    startup_tm4c129.o(.text) refers to startup_tm4c129.o(HEAP) for Heap_Mem
    startup_tm4c129.o(.text) refers to startup_tm4c129.o(STACK) for Stack_Mem
    system_tm4c129.o(i.SystemCoreClockUpdate) refers to system_tm4c129.o(.data) for SystemCoreClock
    system_tm4c129.o(i.SystemInit) refers to system_tm4c129.o(.data) for SystemCoreClock
    __main.o(!!!main) refers to __rtentry.o(.ARM.Collect$$rtentry$$00000000) for __rt_entry
    __rtentry.o(.ARM.Collect$$rtentry$$00000000) refers (Special) to __rtentry2.o(.ARM.Collect$$rtentry$$0000000A) for __rt_entry_li
    __rtentry.o(.ARM.Collect$$rtentry$$00000000) refers (Special) to __rtentry2.o(.ARM.Collect$$rtentry$$0000000D) for __rt_entry_main
    __rtentry.o(.ARM.Collect$$rtentry$$00000000) refers (Special) to __rtentry2.o(.ARM.Collect$$rtentry$$0000000C) for __rt_entry_postli_1
    __rtentry.o(.ARM.Collect$$rtentry$$00000000) refers (Special) to __rtentry2.o(.ARM.Collect$$rtentry$$00000009) for __rt_entry_postsh_1
    __rtentry.o(.ARM.Collect$$rtentry$$00000000) refers (Special) to __rtentry2.o(.ARM.Collect$$rtentry$$00000002) for __rt_entry_presh_1
    __rtentry.o(.ARM.Collect$$rtentry$$00000000) refers (Special) to __rtentry4.o(.ARM.Collect$$rtentry$$00000004) for __rt_entry_sh
    __rtentry2.o(.ARM.Collect$$rtentry$$00000008) refers to boardinit2.o(.text) for _platform_post_stackheap_init
    __rtentry2.o(.ARM.Collect$$rtentry$$0000000A) refers to libinit.o(.ARM.Collect$$libinit$$00000000) for __rt_lib_init
    __rtentry2.o(.ARM.Collect$$rtentry$$0000000B) refers to boardinit3.o(.text) for _platform_post_lib_init
    __rtentry2.o(.ARM.Collect$$rtentry$$0000000D) refers to main.o(i.main) for main
    __rtentry2.o(.ARM.Collect$$rtentry$$0000000D) refers to exit.o(.text) for exit
    __rtentry2.o(.ARM.exidx) refers to __rtentry2.o(.ARM.Collect$$rtentry$$00000001) for .ARM.Collect$$rtentry$$00000001
    __rtentry2.o(.ARM.exidx) refers to __rtentry2.o(.ARM.Collect$$rtentry$$00000008) for .ARM.Collect$$rtentry$$00000008
    __rtentry2.o(.ARM.exidx) refers to __rtentry2.o(.ARM.Collect$$rtentry$$0000000A) for .ARM.Collect$$rtentry$$0000000A
    __rtentry2.o(.ARM.exidx) refers to __rtentry2.o(.ARM.Collect$$rtentry$$0000000B) for .ARM.Collect$$rtentry$$0000000B
    __rtentry2.o(.ARM.exidx) refers to __rtentry2.o(.ARM.Collect$$rtentry$$0000000D) for .ARM.Collect$$rtentry$$0000000D
    __rtentry4.o(.ARM.Collect$$rtentry$$00000004) refers to sys_stackheap_outer.o(.text) for __user_setup_stackheap
    __rtentry4.o(.ARM.exidx) refers to __rtentry4.o(.ARM.Collect$$rtentry$$00000004) for .ARM.Collect$$rtentry$$00000004
    sys_stackheap_outer.o(.text) refers to libspace.o(.text) for __user_perproc_libspace
    sys_stackheap_outer.o(.text) refers to startup_tm4c129.o(.text) for __user_initial_stackheap
    exit.o(.text) refers to rtexit.o(.ARM.Collect$$rtexit$$00000000) for __rt_exit
    libinit.o(.ARM.Collect$$libinit$$00000000) refers (Special) to libinit2.o(.ARM.Collect$$libinit$$0000002E) for __rt_lib_init_alloca_1
    libinit.o(.ARM.Collect$$libinit$$00000000) refers (Special) to libinit2.o(.ARM.Collect$$libinit$$0000002C) for __rt_lib_init_argv_1
    libinit.o(.ARM.Collect$$libinit$$00000000) refers (Special) to libinit2.o(.ARM.Collect$$libinit$$0000001B) for __rt_lib_init_atexit_1
    libinit.o(.ARM.Collect$$libinit$$00000000) refers (Special) to libinit2.o(.ARM.Collect$$libinit$$00000021) for __rt_lib_init_clock_1
    libinit.o(.ARM.Collect$$libinit$$00000000) refers (Special) to libinit2.o(.ARM.Collect$$libinit$$00000032) for __rt_lib_init_cpp_1
    libinit.o(.ARM.Collect$$libinit$$00000000) refers (Special) to libinit2.o(.ARM.Collect$$libinit$$00000030) for __rt_lib_init_exceptions_1
    libinit.o(.ARM.Collect$$libinit$$00000000) refers (Special) to libinit2.o(.ARM.Collect$$libinit$$00000001) for __rt_lib_init_fp_1
    libinit.o(.ARM.Collect$$libinit$$00000000) refers (Special) to libinit2.o(.ARM.Collect$$libinit$$0000001F) for __rt_lib_init_fp_trap_1
    libinit.o(.ARM.Collect$$libinit$$00000000) refers (Special) to libinit2.o(.ARM.Collect$$libinit$$00000023) for __rt_lib_init_getenv_1
    libinit.o(.ARM.Collect$$libinit$$00000000) refers (Special) to libinit2.o(.ARM.Collect$$libinit$$0000000A) for __rt_lib_init_heap_1
    libinit.o(.ARM.Collect$$libinit$$00000000) refers (Special) to libinit2.o(.ARM.Collect$$libinit$$00000011) for __rt_lib_init_lc_collate_1
    libinit.o(.ARM.Collect$$libinit$$00000000) refers (Special) to libinit2.o(.ARM.Collect$$libinit$$00000013) for __rt_lib_init_lc_ctype_1
    libinit.o(.ARM.Collect$$libinit$$00000000) refers (Special) to libinit2.o(.ARM.Collect$$libinit$$00000015) for __rt_lib_init_lc_monetary_1
    libinit.o(.ARM.Collect$$libinit$$00000000) refers (Special) to libinit2.o(.ARM.Collect$$libinit$$00000017) for __rt_lib_init_lc_numeric_1
    libinit.o(.ARM.Collect$$libinit$$00000000) refers (Special) to libinit2.o(.ARM.Collect$$libinit$$00000019) for __rt_lib_init_lc_time_1
    libinit.o(.ARM.Collect$$libinit$$00000000) refers (Special) to libinit2.o(.ARM.Collect$$libinit$$00000004) for __rt_lib_init_preinit_1
    libinit.o(.ARM.Collect$$libinit$$00000000) refers (Special) to libinit2.o(.ARM.Collect$$libinit$$0000000E) for __rt_lib_init_rand_1
    libinit.o(.ARM.Collect$$libinit$$00000000) refers (Special) to libinit2.o(.ARM.Collect$$libinit$$00000033) for __rt_lib_init_return
    libinit.o(.ARM.Collect$$libinit$$00000000) refers (Special) to libinit2.o(.ARM.Collect$$libinit$$0000001D) for __rt_lib_init_signal_1
    libinit.o(.ARM.Collect$$libinit$$00000000) refers (Special) to libinit2.o(.ARM.Collect$$libinit$$00000025) for __rt_lib_init_stdio_1
    libinit.o(.ARM.Collect$$libinit$$00000000) refers (Special) to libinit2.o(.ARM.Collect$$libinit$$0000000C) for __rt_lib_init_user_alloc_1
    libspace.o(.text) refers to libspace.o(.bss) for __libspace_start
    rtexit.o(.ARM.Collect$$rtexit$$00000000) refers (Special) to rtexit2.o(.ARM.Collect$$rtexit$$00000004) for __rt_exit_exit
    rtexit.o(.ARM.Collect$$rtexit$$00000000) refers (Special) to rtexit2.o(.ARM.Collect$$rtexit$$00000003) for __rt_exit_ls
    rtexit.o(.ARM.Collect$$rtexit$$00000000) refers (Special) to rtexit2.o(.ARM.Collect$$rtexit$$00000002) for __rt_exit_prels_1
    rtexit.o(.ARM.exidx) refers (Special) to rtexit2.o(.ARM.Collect$$rtexit$$00000004) for __rt_exit_exit
    rtexit.o(.ARM.exidx) refers (Special) to rtexit2.o(.ARM.Collect$$rtexit$$00000003) for __rt_exit_ls
    rtexit.o(.ARM.exidx) refers (Special) to rtexit2.o(.ARM.Collect$$rtexit$$00000002) for __rt_exit_prels_1
    rtexit.o(.ARM.exidx) refers to rtexit.o(.ARM.Collect$$rtexit$$00000000) for .ARM.Collect$$rtexit$$00000000
    libinit2.o(.ARM.Collect$$libinit$$00000001) refers to fpinit.o(x$fpl$fpinit) for _fp_init
    libinit2.o(.ARM.Collect$$libinit$$00000010) refers to libinit2.o(.ARM.Collect$$libinit$$0000000F) for .ARM.Collect$$libinit$$0000000F
    libinit2.o(.ARM.Collect$$libinit$$00000012) refers to libinit2.o(.ARM.Collect$$libinit$$0000000F) for .ARM.Collect$$libinit$$0000000F
    libinit2.o(.ARM.Collect$$libinit$$00000014) refers to libinit2.o(.ARM.Collect$$libinit$$0000000F) for .ARM.Collect$$libinit$$0000000F
    libinit2.o(.ARM.Collect$$libinit$$00000016) refers to libinit2.o(.ARM.Collect$$libinit$$0000000F) for .ARM.Collect$$libinit$$0000000F
    libinit2.o(.ARM.Collect$$libinit$$00000018) refers to libinit2.o(.ARM.Collect$$libinit$$0000000F) for .ARM.Collect$$libinit$$0000000F
    libinit2.o(.ARM.Collect$$libinit$$00000026) refers to argv_veneer.o(.emb_text) for __ARM_argv_veneer
    libinit2.o(.ARM.Collect$$libinit$$00000027) refers to argv_veneer.o(.emb_text) for __ARM_argv_veneer
    rtexit2.o(.ARM.Collect$$rtexit$$00000003) refers to libshutdown.o(.ARM.Collect$$libshutdown$$00000000) for __rt_lib_shutdown
    rtexit2.o(.ARM.Collect$$rtexit$$00000004) refers to sys_exit.o(.text) for _sys_exit
    rtexit2.o(.ARM.exidx) refers to rtexit2.o(.ARM.Collect$$rtexit$$00000001) for .ARM.Collect$$rtexit$$00000001
    rtexit2.o(.ARM.exidx) refers to rtexit2.o(.ARM.Collect$$rtexit$$00000003) for .ARM.Collect$$rtexit$$00000003
    rtexit2.o(.ARM.exidx) refers to rtexit2.o(.ARM.Collect$$rtexit$$00000004) for .ARM.Collect$$rtexit$$00000004
    argv_veneer.o(.emb_text) refers to no_argv.o(.text) for __ARM_get_argv
    sys_exit.o(.text) refers (Special) to use_no_semi.o(.text) for __I$use$semihosting
    sys_exit.o(.text) refers (Special) to indicate_semi.o(.text) for __semihosting_library_function
    _get_argv_nomalloc.o(.text) refers (Special) to hrguard.o(.text) for __heap_region$guard
    _get_argv_nomalloc.o(.text) refers to defsig_rtmem_outer.o(.text) for __rt_SIGRTMEM
    _get_argv_nomalloc.o(.text) refers to sys_command.o(.text) for _sys_command_string
    libshutdown.o(.ARM.Collect$$libshutdown$$00000000) refers (Special) to libshutdown2.o(.ARM.Collect$$libshutdown$$00000002) for __rt_lib_shutdown_cpp_1
    libshutdown.o(.ARM.Collect$$libshutdown$$00000000) refers (Special) to libshutdown2.o(.ARM.Collect$$libshutdown$$00000007) for __rt_lib_shutdown_fp_trap_1
    libshutdown.o(.ARM.Collect$$libshutdown$$00000000) refers (Special) to libshutdown2.o(.ARM.Collect$$libshutdown$$0000000F) for __rt_lib_shutdown_heap_1
    libshutdown.o(.ARM.Collect$$libshutdown$$00000000) refers (Special) to libshutdown2.o(.ARM.Collect$$libshutdown$$00000010) for __rt_lib_shutdown_return
    libshutdown.o(.ARM.Collect$$libshutdown$$00000000) refers (Special) to libshutdown2.o(.ARM.Collect$$libshutdown$$0000000A) for __rt_lib_shutdown_signal_1
    libshutdown.o(.ARM.Collect$$libshutdown$$00000000) refers (Special) to libshutdown2.o(.ARM.Collect$$libshutdown$$00000004) for __rt_lib_shutdown_stdio_1
    libshutdown.o(.ARM.Collect$$libshutdown$$00000000) refers (Special) to libshutdown2.o(.ARM.Collect$$libshutdown$$0000000C) for __rt_lib_shutdown_user_alloc_1
    sys_command.o(.text) refers (Special) to use_no_semi.o(.text) for __I$use$semihosting
    sys_command.o(.text) refers (Special) to indicate_semi.o(.text) for __semihosting_library_function
    defsig_rtmem_outer.o(.text) refers to defsig_rtmem_inner.o(.text) for __rt_SIGRTMEM_inner
    defsig_rtmem_outer.o(.text) refers to defsig_exit.o(.text) for __sig_exit
    defsig_rtmem_formal.o(.text) refers to rt_raise.o(.text) for __rt_raise
    rt_raise.o(.text) refers to __raise.o(.text) for __raise
    rt_raise.o(.text) refers to sys_exit.o(.text) for _sys_exit
    defsig_exit.o(.text) refers to sys_exit.o(.text) for _sys_exit
    defsig_rtmem_inner.o(.text) refers to defsig_general.o(.text) for __default_signal_display
    __raise.o(.text) refers to defsig.o(CL$$defsig) for __default_signal_handler
    defsig_general.o(.text) refers to sys_wrch.o(.text) for _ttywrch
    sys_wrch.o(.text) refers (Special) to use_no_semi.o(.text) for __I$use$semihosting
    sys_wrch.o(.text) refers (Special) to indicate_semi.o(.text) for __semihosting_library_function
    defsig.o(CL$$defsig) refers to defsig_rtmem_inner.o(.text) for __rt_SIGRTMEM_inner
    defsig_abrt_inner.o(.text) refers to defsig_general.o(.text) for __default_signal_display
    defsig_fpe_inner.o(.text) refers to defsig_general.o(.text) for __default_signal_display
    defsig_rtred_inner.o(.text) refers to defsig_general.o(.text) for __default_signal_display
    defsig_stak_inner.o(.text) refers to defsig_general.o(.text) for __default_signal_display
    defsig_pvfn_inner.o(.text) refers to defsig_general.o(.text) for __default_signal_display
    defsig_cppl_inner.o(.text) refers to defsig_general.o(.text) for __default_signal_display
    defsig_segv_inner.o(.text) refers to defsig_general.o(.text) for __default_signal_display
    defsig_other.o(.text) refers to defsig_general.o(.text) for __default_signal_display


==============================================================================

Removing Unused input sections from the image.

    Removing main.o(i.HIB_Init), (88 bytes).
    Removing main.o(i.LcdBitmap), (26 bytes).
    Removing main.o(i.PortN_Output), (12 bytes).
    Removing main.o(i.RTCCLK_PK7_Init), (112 bytes).
    Removing main.o(i.T0CCP0_PL4_Init), (104 bytes).
    Removing main.o(i.inicializar_mostrar_hora), (52 bytes).
    Removing main.o(i.mostrar_horas), (72 bytes).
    Removing main.o(i.mostrar_minutos), (72 bytes).
    Removing main.o(i.mostrar_segundos), (72 bytes).
    Removing main.o(i.portN_Init), (88 bytes).
    Removing system_tm4c129.o(.rev16_text), (4 bytes).
    Removing system_tm4c129.o(.revsh_text), (4 bytes).
    Removing system_tm4c129.o(.rrx_text), (6 bytes).
    Removing system_tm4c129.o(i.SystemCoreClockUpdate), (16 bytes).

14 unused section(s) (total 728 bytes) removed from the image.

==============================================================================

Image Symbol Table

    Local Symbols

    Symbol Name                              Value     Ov Type        Size  Object(Section)

    RESET                                    0x00000000   Section      512  startup_tm4c129.o(RESET)
    ../clib/angel/boardlib.s                 0x00000000   Number         0  boardshut.o ABSOLUTE
    ../clib/angel/boardlib.s                 0x00000000   Number         0  boardinit3.o ABSOLUTE
    ../clib/angel/boardlib.s                 0x00000000   Number         0  boardinit2.o ABSOLUTE
    ../clib/angel/boardlib.s                 0x00000000   Number         0  boardinit1.o ABSOLUTE
    ../clib/angel/dczerorl.s                 0x00000000   Number         0  __dczerorl.o ABSOLUTE
    ../clib/angel/handlers.s                 0x00000000   Number         0  __scatter_zi.o ABSOLUTE
    ../clib/angel/kernel.s                   0x00000000   Number         0  __rtentry2.o ABSOLUTE
    ../clib/angel/kernel.s                   0x00000000   Number         0  __rtentry.o ABSOLUTE
    ../clib/angel/kernel.s                   0x00000000   Number         0  rtexit.o ABSOLUTE
    ../clib/angel/kernel.s                   0x00000000   Number         0  rtexit2.o ABSOLUTE
    ../clib/angel/kernel.s                   0x00000000   Number         0  __rtentry4.o ABSOLUTE
    ../clib/angel/rt.s                       0x00000000   Number         0  rt_raise.o ABSOLUTE
    ../clib/angel/scatter.s                  0x00000000   Number         0  __scatter.o ABSOLUTE
    ../clib/angel/startup.s                  0x00000000   Number         0  __main.o ABSOLUTE
    ../clib/angel/sys.s                      0x00000000   Number         0  libspace.o ABSOLUTE
    ../clib/angel/sys.s                      0x00000000   Number         0  sys_stackheap_outer.o ABSOLUTE
    ../clib/angel/sys.s                      0x00000000   Number         0  indicate_semi.o ABSOLUTE
    ../clib/angel/sys.s                      0x00000000   Number         0  use_no_semi.o ABSOLUTE
    ../clib/angel/sysapp.c                   0x00000000   Number         0  sys_exit.o ABSOLUTE
    ../clib/angel/sysapp.c                   0x00000000   Number         0  sys_wrch.o ABSOLUTE
    ../clib/angel/sysapp.c                   0x00000000   Number         0  sys_command.o ABSOLUTE
    ../clib/armsys.c                         0x00000000   Number         0  _get_argv_nomalloc.o ABSOLUTE
    ../clib/armsys.c                         0x00000000   Number         0  argv_veneer.o ABSOLUTE
    ../clib/armsys.c                         0x00000000   Number         0  argv_veneer.o ABSOLUTE
    ../clib/armsys.c                         0x00000000   Number         0  no_argv.o ABSOLUTE
    ../clib/heapalloc.c                      0x00000000   Number         0  hrguard.o ABSOLUTE
    ../clib/heapaux.c                        0x00000000   Number         0  heapauxi.o ABSOLUTE
    ../clib/libinit.s                        0x00000000   Number         0  libshutdown2.o ABSOLUTE
    ../clib/libinit.s                        0x00000000   Number         0  libshutdown.o ABSOLUTE
    ../clib/libinit.s                        0x00000000   Number         0  libinit.o ABSOLUTE
    ../clib/libinit.s                        0x00000000   Number         0  libinit2.o ABSOLUTE
    ../clib/signal.c                         0x00000000   Number         0  defsig_rtred_inner.o ABSOLUTE
    ../clib/signal.c                         0x00000000   Number         0  defsig_other.o ABSOLUTE
    ../clib/signal.c                         0x00000000   Number         0  defsig_segv_inner.o ABSOLUTE
    ../clib/signal.c                         0x00000000   Number         0  defsig_cppl_inner.o ABSOLUTE
    ../clib/signal.c                         0x00000000   Number         0  defsig_pvfn_inner.o ABSOLUTE
    ../clib/signal.c                         0x00000000   Number         0  defsig_stak_inner.o ABSOLUTE
    ../clib/signal.c                         0x00000000   Number         0  defsig_fpe_inner.o ABSOLUTE
    ../clib/signal.c                         0x00000000   Number         0  defsig_rtmem_inner.o ABSOLUTE
    ../clib/signal.c                         0x00000000   Number         0  __raise.o ABSOLUTE
    ../clib/signal.c                         0x00000000   Number         0  defsig_exit.o ABSOLUTE
    ../clib/signal.c                         0x00000000   Number         0  defsig_rtmem_formal.o ABSOLUTE
    ../clib/signal.c                         0x00000000   Number         0  defsig_rtmem_outer.o ABSOLUTE
    ../clib/signal.c                         0x00000000   Number         0  defsig_general.o ABSOLUTE
    ../clib/signal.c                         0x00000000   Number         0  defsig_abrt_inner.o ABSOLUTE
    ../clib/signal.s                         0x00000000   Number         0  defsig.o ABSOLUTE
    ../clib/stdlib.c                         0x00000000   Number         0  exit.o ABSOLUTE
    ../fplib/fpinit.s                        0x00000000   Number         0  fpinit.o ABSOLUTE
    RTE\Device\TM4C1294NCPDT\startup_TM4C129.s 0x00000000   Number         0  startup_tm4c129.o ABSOLUTE
    RTE\Device\TM4C1294NCPDT\system_TM4C129.c 0x00000000   Number         0  system_tm4c129.o ABSOLUTE
    RTE\\Device\\TM4C1294NCPDT\\system_TM4C129.c 0x00000000   Number         0  system_tm4c129.o ABSOLUTE
    dc.s                                     0x00000000   Number         0  dc.o ABSOLUTE
    main.c                                   0x00000000   Number         0  main.o ABSOLUTE
    modoProgramacion.c                       0x00000000   Number         0  modoprogramacion.o ABSOLUTE
    !!!main                                  0x00000200   Section        8  __main.o(!!!main)
    !!!scatter                               0x00000208   Section       52  __scatter.o(!!!scatter)
    !!dczerorl                               0x0000023c   Section       58  __dczerorl.o(!!dczerorl)
    !!handler_zi                             0x00000278   Section       28  __scatter_zi.o(!!handler_zi)
    .ARM.Collect$$libinit$$00000000          0x00000294   Section        2  libinit.o(.ARM.Collect$$libinit$$00000000)
    .ARM.Collect$$libinit$$00000001          0x00000296   Section        4  libinit2.o(.ARM.Collect$$libinit$$00000001)
    .ARM.Collect$$libinit$$00000004          0x0000029a   Section        0  libinit2.o(.ARM.Collect$$libinit$$00000004)
    .ARM.Collect$$libinit$$0000000A          0x0000029a   Section        0  libinit2.o(.ARM.Collect$$libinit$$0000000A)
    .ARM.Collect$$libinit$$0000000C          0x0000029a   Section        0  libinit2.o(.ARM.Collect$$libinit$$0000000C)
    .ARM.Collect$$libinit$$0000000E          0x0000029a   Section        0  libinit2.o(.ARM.Collect$$libinit$$0000000E)
    .ARM.Collect$$libinit$$00000011          0x0000029a   Section        0  libinit2.o(.ARM.Collect$$libinit$$00000011)
    .ARM.Collect$$libinit$$00000013          0x0000029a   Section        0  libinit2.o(.ARM.Collect$$libinit$$00000013)
    .ARM.Collect$$libinit$$00000015          0x0000029a   Section        0  libinit2.o(.ARM.Collect$$libinit$$00000015)
    .ARM.Collect$$libinit$$00000017          0x0000029a   Section        0  libinit2.o(.ARM.Collect$$libinit$$00000017)
    .ARM.Collect$$libinit$$00000019          0x0000029a   Section        0  libinit2.o(.ARM.Collect$$libinit$$00000019)
    .ARM.Collect$$libinit$$0000001B          0x0000029a   Section        0  libinit2.o(.ARM.Collect$$libinit$$0000001B)
    .ARM.Collect$$libinit$$0000001D          0x0000029a   Section        0  libinit2.o(.ARM.Collect$$libinit$$0000001D)
    .ARM.Collect$$libinit$$0000001F          0x0000029a   Section        0  libinit2.o(.ARM.Collect$$libinit$$0000001F)
    .ARM.Collect$$libinit$$00000021          0x0000029a   Section        0  libinit2.o(.ARM.Collect$$libinit$$00000021)
    .ARM.Collect$$libinit$$00000023          0x0000029a   Section        0  libinit2.o(.ARM.Collect$$libinit$$00000023)
    .ARM.Collect$$libinit$$00000025          0x0000029a   Section        0  libinit2.o(.ARM.Collect$$libinit$$00000025)
    .ARM.Collect$$libinit$$0000002C          0x0000029a   Section        0  libinit2.o(.ARM.Collect$$libinit$$0000002C)
    .ARM.Collect$$libinit$$0000002E          0x0000029a   Section        0  libinit2.o(.ARM.Collect$$libinit$$0000002E)
    .ARM.Collect$$libinit$$00000030          0x0000029a   Section        0  libinit2.o(.ARM.Collect$$libinit$$00000030)
    .ARM.Collect$$libinit$$00000032          0x0000029a   Section        0  libinit2.o(.ARM.Collect$$libinit$$00000032)
    .ARM.Collect$$libinit$$00000033          0x0000029a   Section        2  libinit2.o(.ARM.Collect$$libinit$$00000033)
    .ARM.Collect$$libshutdown$$00000000      0x0000029c   Section        2  libshutdown.o(.ARM.Collect$$libshutdown$$00000000)
    .ARM.Collect$$libshutdown$$00000002      0x0000029e   Section        0  libshutdown2.o(.ARM.Collect$$libshutdown$$00000002)
    .ARM.Collect$$libshutdown$$00000004      0x0000029e   Section        0  libshutdown2.o(.ARM.Collect$$libshutdown$$00000004)
    .ARM.Collect$$libshutdown$$00000007      0x0000029e   Section        0  libshutdown2.o(.ARM.Collect$$libshutdown$$00000007)
    .ARM.Collect$$libshutdown$$0000000A      0x0000029e   Section        0  libshutdown2.o(.ARM.Collect$$libshutdown$$0000000A)
    .ARM.Collect$$libshutdown$$0000000C      0x0000029e   Section        0  libshutdown2.o(.ARM.Collect$$libshutdown$$0000000C)
    .ARM.Collect$$libshutdown$$0000000F      0x0000029e   Section        0  libshutdown2.o(.ARM.Collect$$libshutdown$$0000000F)
    .ARM.Collect$$libshutdown$$00000010      0x0000029e   Section        2  libshutdown2.o(.ARM.Collect$$libshutdown$$00000010)
    .ARM.Collect$$rtentry$$00000000          0x000002a0   Section        0  __rtentry.o(.ARM.Collect$$rtentry$$00000000)
    .ARM.Collect$$rtentry$$00000002          0x000002a0   Section        0  __rtentry2.o(.ARM.Collect$$rtentry$$00000002)
    .ARM.Collect$$rtentry$$00000004          0x000002a0   Section        6  __rtentry4.o(.ARM.Collect$$rtentry$$00000004)
    .ARM.Collect$$rtentry$$00000009          0x000002a6   Section        0  __rtentry2.o(.ARM.Collect$$rtentry$$00000009)
    .ARM.Collect$$rtentry$$0000000A          0x000002a6   Section        4  __rtentry2.o(.ARM.Collect$$rtentry$$0000000A)
    .ARM.Collect$$rtentry$$0000000C          0x000002aa   Section        0  __rtentry2.o(.ARM.Collect$$rtentry$$0000000C)
    .ARM.Collect$$rtentry$$0000000D          0x000002aa   Section        8  __rtentry2.o(.ARM.Collect$$rtentry$$0000000D)
    .ARM.Collect$$rtexit$$00000000           0x000002b2   Section        2  rtexit.o(.ARM.Collect$$rtexit$$00000000)
    .ARM.Collect$$rtexit$$00000002           0x000002b4   Section        0  rtexit2.o(.ARM.Collect$$rtexit$$00000002)
    .ARM.Collect$$rtexit$$00000003           0x000002b4   Section        4  rtexit2.o(.ARM.Collect$$rtexit$$00000003)
    .ARM.Collect$$rtexit$$00000004           0x000002b8   Section        6  rtexit2.o(.ARM.Collect$$rtexit$$00000004)
    .text                                    0x000002c0   Section      316  startup_tm4c129.o(.text)
    $v0                                      0x000002c0   Number         0  startup_tm4c129.o(.text)
    .text                                    0x000003fc   Section        0  heapauxi.o(.text)
    .text                                    0x00000402   Section       74  sys_stackheap_outer.o(.text)
    .text                                    0x0000044c   Section        0  exit.o(.text)
    .text                                    0x00000460   Section        8  libspace.o(.text)
    .text                                    0x00000468   Section        0  sys_exit.o(.text)
    .text                                    0x00000474   Section        2  use_no_semi.o(.text)
    .text                                    0x00000476   Section        0  indicate_semi.o(.text)
    i.GPIOPortJ_Handler                      0x00000478   Section        0  main.o(i.GPIOPortJ_Handler)
    i.LcdClear                               0x000004d8   Section        0  main.o(i.LcdClear)
    i.Nokia5110_Init                         0x000004f0   Section        0  main.o(i.Nokia5110_Init)
    i.Nokia5110_OutChar                      0x00000638   Section        0  main.o(i.Nokia5110_OutChar)
    i.Nokia5110_OutString                    0x00000670   Section        0  main.o(i.Nokia5110_OutString)
    i.SystemInit                             0x00000688   Section        0  system_tm4c129.o(i.SystemInit)
    i.TIMER0A_Handler                        0x000006a8   Section        0  main.o(i.TIMER0A_Handler)
    i.TIMER1A_Handler                        0x0000073c   Section        0  main.o(i.TIMER1A_Handler)
    i.Timer0A_Init                           0x00000764   Section        0  main.o(i.Timer0A_Init)
    i.configJ                                0x000007fc   Section        0  main.o(i.configJ)
    i.configN                                0x000008ec   Section        0  main.o(i.configN)
    i.configurarPantallaNokia                0x00000940   Section        0  main.o(i.configurarPantallaNokia)
    i.configurarRTC                          0x0000094c   Section        0  main.o(i.configurarRTC)
    i.configurarTimer1                       0x00000954   Section        0  main.o(i.configurarTimer1)
    i.inicializacionPuertos                  0x000009dc   Section        0  main.o(i.inicializacionPuertos)
    i.initPortD                              0x000009ec   Section        0  main.o(i.initPortD)
    i.init_Delay                             0x00000a48   Section        0  main.o(i.init_Delay)
    i.lcdwrite                               0x00000a7c   Section        0  main.o(i.lcdwrite)
    lcdwrite                                 0x00000a7d   Thumb Code    56  main.o(i.lcdwrite)
    i.limpiar_horas                          0x00000abc   Section        0  main.o(i.limpiar_horas)
    i.limpiar_minutos                        0x00000adc   Section        0  main.o(i.limpiar_minutos)
    i.limpiar_segundos                       0x00000afc   Section        0  main.o(i.limpiar_segundos)
    i.main                                   0x00000b1c   Section        0  main.o(i.main)
    i.mostrar_hora_min_seg                   0x00000b34   Section        0  main.o(i.mostrar_hora_min_seg)
    i.mostrar_hora_t                         0x00000b90   Section        0  main.o(i.mostrar_hora_t)
    i.primerPlano                            0x00000c30   Section        0  main.o(i.primerPlano)
    i.programarHora                          0x00000cd0   Section        0  main.o(i.programarHora)
    i.wait_end_Delay                         0x00001088   Section        0  main.o(i.wait_end_Delay)
    x$fpl$fpinit                             0x000010aa   Section       10  fpinit.o(x$fpl$fpinit)
    $v0                                      0x000010aa   Number         0  fpinit.o(x$fpl$fpinit)
    .constdata                               0x000010b4   Section      984  main.o(.constdata)
    ASCII                                    0x000010b4   Data         480  main.o(.constdata)
    .data                                    0x20000000   Section      532  main.o(.data)
    .data                                    0x20000214   Section        4  system_tm4c129.o(.data)
    .bss                                     0x20000218   Section       96  libspace.o(.bss)
    HEAP                                     0x20000278   Section        0  startup_tm4c129.o(HEAP)
    STACK                                    0x20000278   Section      512  startup_tm4c129.o(STACK)
    Heap_Mem                                 0x20000278   Data           0  startup_tm4c129.o(HEAP)
    Stack_Mem                                0x20000278   Data         512  startup_tm4c129.o(STACK)
    __initial_sp                             0x20000478   Data           0  startup_tm4c129.o(STACK)

    Global Symbols

    Symbol Name                              Value     Ov Type        Size  Object(Section)

    BuildAttributes$$THM_ISAv4$E$P$D$K$B$S$7EM$VFPi3$EXTD16$VFPS$VFMA$PE$A:L22UL41UL21$X:L11$S22US41US21$IEEE1$IW$USESV6$~STKCKD$USESV7$~SHL$OSPACE$ROPI$EBA8$UX$STANDARDLIB$REQ8$PRES8$EABIv2 0x00000000   Number         0  anon$$obj.o ABSOLUTE
    __ARM_use_no_argv                        0x00000000   Number         0  main.o ABSOLUTE
    __Vectors                                0x00000000   Data           4  startup_tm4c129.o(RESET)
    __ARM_exceptions_init                     - Undefined Weak Reference
    __alloca_initialize                       - Undefined Weak Reference
    __arm_preinit_                            - Undefined Weak Reference
    __cpp_initialize__aeabi_                  - Undefined Weak Reference
    __cxa_finalize                            - Undefined Weak Reference
    __rt_locale                               - Undefined Weak Reference
    __sigvec_lookup                           - Undefined Weak Reference
    _atexit_init                              - Undefined Weak Reference
    _call_atexit_fns                          - Undefined Weak Reference
    _clock_init                               - Undefined Weak Reference
    _fp_trap_init                             - Undefined Weak Reference
    _fp_trap_shutdown                         - Undefined Weak Reference
    _get_lc_collate                           - Undefined Weak Reference
    _get_lc_ctype                             - Undefined Weak Reference
    _get_lc_monetary                          - Undefined Weak Reference
    _get_lc_numeric                           - Undefined Weak Reference
    _get_lc_time                              - Undefined Weak Reference
    _getenv_init                              - Undefined Weak Reference
    _handle_redirection                       - Undefined Weak Reference
    _init_alloc                               - Undefined Weak Reference
    _init_user_alloc                          - Undefined Weak Reference
    _initio                                   - Undefined Weak Reference
    _rand_init                                - Undefined Weak Reference
    _signal_finish                            - Undefined Weak Reference
    _signal_init                              - Undefined Weak Reference
    _terminate_alloc                          - Undefined Weak Reference
    _terminate_user_alloc                     - Undefined Weak Reference
    _terminateio                              - Undefined Weak Reference
    __Vectors_End                            0x00000200   Data           0  startup_tm4c129.o(RESET)
    __Vectors_Size                           0x00000200   Number         0  startup_tm4c129.o ABSOLUTE
    __main                                   0x00000201   Thumb Code     8  __main.o(!!!main)
    __scatterload                            0x00000209   Thumb Code     0  __scatter.o(!!!scatter)
    __scatterload_rt2                        0x00000209   Thumb Code    44  __scatter.o(!!!scatter)
    __scatterload_rt2_thumb_only             0x00000209   Thumb Code     0  __scatter.o(!!!scatter)
    __scatterload_null                       0x00000217   Thumb Code     0  __scatter.o(!!!scatter)
    __decompress                             0x0000023d   Thumb Code    58  __dczerorl.o(!!dczerorl)
    __decompress0                            0x0000023d   Thumb Code     0  __dczerorl.o(!!dczerorl)
    __scatterload_zeroinit                   0x00000279   Thumb Code    28  __scatter_zi.o(!!handler_zi)
    __rt_lib_init                            0x00000295   Thumb Code     0  libinit.o(.ARM.Collect$$libinit$$00000000)
    __rt_lib_init_fp_1                       0x00000297   Thumb Code     0  libinit2.o(.ARM.Collect$$libinit$$00000001)
    __rt_lib_init_alloca_1                   0x0000029b   Thumb Code     0  libinit2.o(.ARM.Collect$$libinit$$0000002E)
    __rt_lib_init_argv_1                     0x0000029b   Thumb Code     0  libinit2.o(.ARM.Collect$$libinit$$0000002C)
    __rt_lib_init_atexit_1                   0x0000029b   Thumb Code     0  libinit2.o(.ARM.Collect$$libinit$$0000001B)
    __rt_lib_init_clock_1                    0x0000029b   Thumb Code     0  libinit2.o(.ARM.Collect$$libinit$$00000021)
    __rt_lib_init_cpp_1                      0x0000029b   Thumb Code     0  libinit2.o(.ARM.Collect$$libinit$$00000032)
    __rt_lib_init_exceptions_1               0x0000029b   Thumb Code     0  libinit2.o(.ARM.Collect$$libinit$$00000030)
    __rt_lib_init_fp_trap_1                  0x0000029b   Thumb Code     0  libinit2.o(.ARM.Collect$$libinit$$0000001F)
    __rt_lib_init_getenv_1                   0x0000029b   Thumb Code     0  libinit2.o(.ARM.Collect$$libinit$$00000023)
    __rt_lib_init_heap_1                     0x0000029b   Thumb Code     0  libinit2.o(.ARM.Collect$$libinit$$0000000A)
    __rt_lib_init_lc_collate_1               0x0000029b   Thumb Code     0  libinit2.o(.ARM.Collect$$libinit$$00000011)
    __rt_lib_init_lc_ctype_1                 0x0000029b   Thumb Code     0  libinit2.o(.ARM.Collect$$libinit$$00000013)
    __rt_lib_init_lc_monetary_1              0x0000029b   Thumb Code     0  libinit2.o(.ARM.Collect$$libinit$$00000015)
    __rt_lib_init_lc_numeric_1               0x0000029b   Thumb Code     0  libinit2.o(.ARM.Collect$$libinit$$00000017)
    __rt_lib_init_lc_time_1                  0x0000029b   Thumb Code     0  libinit2.o(.ARM.Collect$$libinit$$00000019)
    __rt_lib_init_preinit_1                  0x0000029b   Thumb Code     0  libinit2.o(.ARM.Collect$$libinit$$00000004)
    __rt_lib_init_rand_1                     0x0000029b   Thumb Code     0  libinit2.o(.ARM.Collect$$libinit$$0000000E)
    __rt_lib_init_return                     0x0000029b   Thumb Code     0  libinit2.o(.ARM.Collect$$libinit$$00000033)
    __rt_lib_init_signal_1                   0x0000029b   Thumb Code     0  libinit2.o(.ARM.Collect$$libinit$$0000001D)
    __rt_lib_init_stdio_1                    0x0000029b   Thumb Code     0  libinit2.o(.ARM.Collect$$libinit$$00000025)
    __rt_lib_init_user_alloc_1               0x0000029b   Thumb Code     0  libinit2.o(.ARM.Collect$$libinit$$0000000C)
    __rt_lib_shutdown                        0x0000029d   Thumb Code     0  libshutdown.o(.ARM.Collect$$libshutdown$$00000000)
    __rt_lib_shutdown_cpp_1                  0x0000029f   Thumb Code     0  libshutdown2.o(.ARM.Collect$$libshutdown$$00000002)
    __rt_lib_shutdown_fp_trap_1              0x0000029f   Thumb Code     0  libshutdown2.o(.ARM.Collect$$libshutdown$$00000007)
    __rt_lib_shutdown_heap_1                 0x0000029f   Thumb Code     0  libshutdown2.o(.ARM.Collect$$libshutdown$$0000000F)
    __rt_lib_shutdown_return                 0x0000029f   Thumb Code     0  libshutdown2.o(.ARM.Collect$$libshutdown$$00000010)
    __rt_lib_shutdown_signal_1               0x0000029f   Thumb Code     0  libshutdown2.o(.ARM.Collect$$libshutdown$$0000000A)
    __rt_lib_shutdown_stdio_1                0x0000029f   Thumb Code     0  libshutdown2.o(.ARM.Collect$$libshutdown$$00000004)
    __rt_lib_shutdown_user_alloc_1           0x0000029f   Thumb Code     0  libshutdown2.o(.ARM.Collect$$libshutdown$$0000000C)
    __rt_entry                               0x000002a1   Thumb Code     0  __rtentry.o(.ARM.Collect$$rtentry$$00000000)
    __rt_entry_presh_1                       0x000002a1   Thumb Code     0  __rtentry2.o(.ARM.Collect$$rtentry$$00000002)
    __rt_entry_sh                            0x000002a1   Thumb Code     0  __rtentry4.o(.ARM.Collect$$rtentry$$00000004)
    __rt_entry_li                            0x000002a7   Thumb Code     0  __rtentry2.o(.ARM.Collect$$rtentry$$0000000A)
    __rt_entry_postsh_1                      0x000002a7   Thumb Code     0  __rtentry2.o(.ARM.Collect$$rtentry$$00000009)
    __rt_entry_main                          0x000002ab   Thumb Code     0  __rtentry2.o(.ARM.Collect$$rtentry$$0000000D)
    __rt_entry_postli_1                      0x000002ab   Thumb Code     0  __rtentry2.o(.ARM.Collect$$rtentry$$0000000C)
    __rt_exit                                0x000002b3   Thumb Code     0  rtexit.o(.ARM.Collect$$rtexit$$00000000)
    __rt_exit_ls                             0x000002b5   Thumb Code     0  rtexit2.o(.ARM.Collect$$rtexit$$00000003)
    __rt_exit_prels_1                        0x000002b5   Thumb Code     0  rtexit2.o(.ARM.Collect$$rtexit$$00000002)
    __rt_exit_exit                           0x000002b9   Thumb Code     0  rtexit2.o(.ARM.Collect$$rtexit$$00000004)
    Reset_Handler                            0x000002c1   Thumb Code     8  startup_tm4c129.o(.text)
    NMI_Handler                              0x000002c9   Thumb Code     2  startup_tm4c129.o(.text)
    HardFault_Handler                        0x000002cb   Thumb Code     2  startup_tm4c129.o(.text)
    MemManage_Handler                        0x000002cd   Thumb Code     2  startup_tm4c129.o(.text)
    BusFault_Handler                         0x000002cf   Thumb Code     2  startup_tm4c129.o(.text)
    UsageFault_Handler                       0x000002d1   Thumb Code     2  startup_tm4c129.o(.text)
    SVC_Handler                              0x000002d3   Thumb Code     2  startup_tm4c129.o(.text)
    DebugMon_Handler                         0x000002d5   Thumb Code     2  startup_tm4c129.o(.text)
    PendSV_Handler                           0x000002d7   Thumb Code     2  startup_tm4c129.o(.text)
    SysTick_Handler                          0x000002d9   Thumb Code     2  startup_tm4c129.o(.text)
    GPIOA_Handler                            0x000002db   Thumb Code     2  startup_tm4c129.o(.text)
    GPIOB_Handler                            0x000002dd   Thumb Code     2  startup_tm4c129.o(.text)
    GPIOC_Handler                            0x000002df   Thumb Code     2  startup_tm4c129.o(.text)
    GPIOD_Handler                            0x000002e1   Thumb Code     2  startup_tm4c129.o(.text)
    GPIOE_Handler                            0x000002e3   Thumb Code     2  startup_tm4c129.o(.text)
    UART0_Handler                            0x000002e5   Thumb Code     2  startup_tm4c129.o(.text)
    UART1_Handler                            0x000002e7   Thumb Code     2  startup_tm4c129.o(.text)
    SSI0_Handler                             0x000002e9   Thumb Code     2  startup_tm4c129.o(.text)
    I2C0_Handler                             0x000002eb   Thumb Code     2  startup_tm4c129.o(.text)
    PMW0_FAULT_Handler                       0x000002ed   Thumb Code     2  startup_tm4c129.o(.text)
    PWM0_0_Handler                           0x000002ef   Thumb Code     2  startup_tm4c129.o(.text)
    PWM0_1_Handler                           0x000002f1   Thumb Code     2  startup_tm4c129.o(.text)
    PWM0_2_Handler                           0x000002f3   Thumb Code     2  startup_tm4c129.o(.text)
    QEI0_Handler                             0x000002f5   Thumb Code     2  startup_tm4c129.o(.text)
    ADC0SS0_Handler                          0x000002f7   Thumb Code     2  startup_tm4c129.o(.text)
    ADC0SS1_Handler                          0x000002f9   Thumb Code     2  startup_tm4c129.o(.text)
    ADC0SS2_Handler                          0x000002fb   Thumb Code     2  startup_tm4c129.o(.text)
    ADC0SS3_Handler                          0x000002fd   Thumb Code     2  startup_tm4c129.o(.text)
    WDT0_Handler                             0x000002ff   Thumb Code     2  startup_tm4c129.o(.text)
    TIMER0B_Handler                          0x00000303   Thumb Code     2  startup_tm4c129.o(.text)
    TIMER1B_Handler                          0x00000307   Thumb Code     2  startup_tm4c129.o(.text)
    TIMER2A_Handler                          0x00000309   Thumb Code     2  startup_tm4c129.o(.text)
    TIMER2B_Handler                          0x0000030b   Thumb Code     2  startup_tm4c129.o(.text)
    COMP0_Handler                            0x0000030d   Thumb Code     2  startup_tm4c129.o(.text)
    COMP1_Handler                            0x0000030f   Thumb Code     2  startup_tm4c129.o(.text)
    COMP2_Handler                            0x00000311   Thumb Code     2  startup_tm4c129.o(.text)
    SYSCTL_Handler                           0x00000313   Thumb Code     2  startup_tm4c129.o(.text)
    FLASH_Handler                            0x00000315   Thumb Code     2  startup_tm4c129.o(.text)
    GPIOF_Handler                            0x00000317   Thumb Code     2  startup_tm4c129.o(.text)
    GPIOG_Handler                            0x00000319   Thumb Code     2  startup_tm4c129.o(.text)
    GPIOH_Handler                            0x0000031b   Thumb Code     2  startup_tm4c129.o(.text)
    UART2_Handler                            0x0000031d   Thumb Code     2  startup_tm4c129.o(.text)
    SSI1_Handler                             0x0000031f   Thumb Code     2  startup_tm4c129.o(.text)
    TIMER3A_Handler                          0x00000321   Thumb Code     2  startup_tm4c129.o(.text)
    TIMER3B_Handler                          0x00000323   Thumb Code     2  startup_tm4c129.o(.text)
    I2C1_Handler                             0x00000325   Thumb Code     2  startup_tm4c129.o(.text)
    CAN0_Handler                             0x00000327   Thumb Code     2  startup_tm4c129.o(.text)
    CAN1_Handler                             0x00000329   Thumb Code     2  startup_tm4c129.o(.text)
    ETH_Handler                              0x0000032b   Thumb Code     2  startup_tm4c129.o(.text)
    HIB_Handler                              0x0000032d   Thumb Code     2  startup_tm4c129.o(.text)
    USB0_Handler                             0x0000032f   Thumb Code     2  startup_tm4c129.o(.text)
    PWM0_3_Handler                           0x00000331   Thumb Code     2  startup_tm4c129.o(.text)
    UDMA_Handler                             0x00000333   Thumb Code     2  startup_tm4c129.o(.text)
    UDMAERR_Handler                          0x00000335   Thumb Code     2  startup_tm4c129.o(.text)
    ADC1SS0_Handler                          0x00000337   Thumb Code     2  startup_tm4c129.o(.text)
    ADC1SS1_Handler                          0x00000339   Thumb Code     2  startup_tm4c129.o(.text)
    ADC1SS2_Handler                          0x0000033b   Thumb Code     2  startup_tm4c129.o(.text)
    ADC1SS3_Handler                          0x0000033d   Thumb Code     2  startup_tm4c129.o(.text)
    EBI0_Handler                             0x0000033f   Thumb Code     2  startup_tm4c129.o(.text)
    GPIOJ_Handler                            0x00000341   Thumb Code     4  startup_tm4c129.o(.text)
    GPIOK_Handler                            0x00000345   Thumb Code     2  startup_tm4c129.o(.text)
    GPIOL_Handler                            0x00000347   Thumb Code     2  startup_tm4c129.o(.text)
    SSI2_Handler                             0x00000349   Thumb Code     2  startup_tm4c129.o(.text)
    SSI3_Handler                             0x0000034b   Thumb Code     2  startup_tm4c129.o(.text)
    UART3_Handler                            0x0000034d   Thumb Code     2  startup_tm4c129.o(.text)
    UART4_Handler                            0x0000034f   Thumb Code     2  startup_tm4c129.o(.text)
    UART5_Handler                            0x00000351   Thumb Code     2  startup_tm4c129.o(.text)
    UART6_Handler                            0x00000353   Thumb Code     2  startup_tm4c129.o(.text)
    UART7_Handler                            0x00000355   Thumb Code     2  startup_tm4c129.o(.text)
    I2C2_Handler                             0x00000357   Thumb Code     2  startup_tm4c129.o(.text)
    I2C3_Handler                             0x00000359   Thumb Code     2  startup_tm4c129.o(.text)
    TIMER4A_Handler                          0x0000035b   Thumb Code     2  startup_tm4c129.o(.text)
    TIMER4B_Handler                          0x0000035d   Thumb Code     2  startup_tm4c129.o(.text)
    TIMER5A_Handler                          0x0000035f   Thumb Code     2  startup_tm4c129.o(.text)
    TIMER5B_Handler                          0x00000361   Thumb Code     2  startup_tm4c129.o(.text)
    WTIMER0A_Handler                         0x00000363   Thumb Code     2  startup_tm4c129.o(.text)
    WTIMER0B_Handler                         0x00000365   Thumb Code     2  startup_tm4c129.o(.text)
    WTIMER1A_Handler                         0x00000367   Thumb Code     2  startup_tm4c129.o(.text)
    WTIMER1B_Handler                         0x00000369   Thumb Code     2  startup_tm4c129.o(.text)
    WTIMER2A_Handler                         0x0000036b   Thumb Code     2  startup_tm4c129.o(.text)
    WTIMER2B_Handler                         0x0000036d   Thumb Code     2  startup_tm4c129.o(.text)
    WTIMER3A_Handler                         0x0000036f   Thumb Code     2  startup_tm4c129.o(.text)
    WTIMER3B_Handler                         0x00000371   Thumb Code     2  startup_tm4c129.o(.text)
    WTIMER4A_Handler                         0x00000373   Thumb Code     2  startup_tm4c129.o(.text)
    WTIMER4B_Handler                         0x00000375   Thumb Code     2  startup_tm4c129.o(.text)
    WTIMER5A_Handler                         0x00000377   Thumb Code     2  startup_tm4c129.o(.text)
    WTIMER5B_Handler                         0x00000379   Thumb Code     2  startup_tm4c129.o(.text)
    FPU_Handler                              0x0000037b   Thumb Code     2  startup_tm4c129.o(.text)
    I2C4_Handler                             0x0000037d   Thumb Code     2  startup_tm4c129.o(.text)
    I2C5_Handler                             0x0000037f   Thumb Code     2  startup_tm4c129.o(.text)
    GPIOM_Handler                            0x00000381   Thumb Code     2  startup_tm4c129.o(.text)
    GPION_Handler                            0x00000383   Thumb Code     2  startup_tm4c129.o(.text)
    TAMPER_Handler                           0x00000385   Thumb Code     2  startup_tm4c129.o(.text)
    GPIOP0_Handler                           0x00000387   Thumb Code     2  startup_tm4c129.o(.text)
    GPIOP1_Handler                           0x00000389   Thumb Code     2  startup_tm4c129.o(.text)
    GPIOP2_Handler                           0x0000038b   Thumb Code     2  startup_tm4c129.o(.text)
    GPIOP3_Handler                           0x0000038d   Thumb Code     2  startup_tm4c129.o(.text)
    GPIOP4_Handler                           0x0000038f   Thumb Code     2  startup_tm4c129.o(.text)
    GPIOP5_Handler                           0x00000391   Thumb Code     2  startup_tm4c129.o(.text)
    GPIOP6_Handler                           0x00000393   Thumb Code     2  startup_tm4c129.o(.text)
    GPIOP7_Handler                           0x00000395   Thumb Code     2  startup_tm4c129.o(.text)
    GPIOQ0_Handler                           0x00000397   Thumb Code     2  startup_tm4c129.o(.text)
    GPIOQ1_Handler                           0x00000399   Thumb Code     2  startup_tm4c129.o(.text)
    GPIOQ2_Handler                           0x0000039b   Thumb Code     2  startup_tm4c129.o(.text)
    GPIOQ3_Handler                           0x0000039d   Thumb Code     2  startup_tm4c129.o(.text)
    GPIOQ4_Handler                           0x0000039f   Thumb Code     2  startup_tm4c129.o(.text)
    GPIOQ5_Handler                           0x000003a1   Thumb Code     2  startup_tm4c129.o(.text)
    GPIOQ6_Handler                           0x000003a3   Thumb Code     2  startup_tm4c129.o(.text)
    GPIOQ7_Handler                           0x000003a5   Thumb Code     2  startup_tm4c129.o(.text)
    GPIOR_Handler                            0x000003a7   Thumb Code     2  startup_tm4c129.o(.text)
    GPIOS_Handler                            0x000003a9   Thumb Code     2  startup_tm4c129.o(.text)
    SHAMD5_Handler                           0x000003ab   Thumb Code     2  startup_tm4c129.o(.text)
    AES_Handler                              0x000003ad   Thumb Code     2  startup_tm4c129.o(.text)
    DES3DES_Handler                          0x000003af   Thumb Code     2  startup_tm4c129.o(.text)
    LCDCONTROLLER_Handler                    0x000003b1   Thumb Code     2  startup_tm4c129.o(.text)
    TIMER6A_Handler                          0x000003b3   Thumb Code     2  startup_tm4c129.o(.text)
    TIMER6B_Handler                          0x000003b5   Thumb Code     2  startup_tm4c129.o(.text)
    TIMER7A_Handler                          0x000003b7   Thumb Code     2  startup_tm4c129.o(.text)
    TIMER7B_Handler                          0x000003b9   Thumb Code     2  startup_tm4c129.o(.text)
    I2C6_Handler                             0x000003bb   Thumb Code     2  startup_tm4c129.o(.text)
    I2C7_Handler                             0x000003bd   Thumb Code     2  startup_tm4c129.o(.text)
    HIMSCANKEYBOARD_Handler                  0x000003bf   Thumb Code     2  startup_tm4c129.o(.text)
    ONEWIRE_Handler                          0x000003c1   Thumb Code     2  startup_tm4c129.o(.text)
    HIMPS2_Handler                           0x000003c3   Thumb Code     2  startup_tm4c129.o(.text)
    HIMLEDSEQUENCER_Handler                  0x000003c5   Thumb Code     2  startup_tm4c129.o(.text)
    HIMCONSUMERIR_Handler                    0x000003c7   Thumb Code     2  startup_tm4c129.o(.text)
    I2C8_Handler                             0x000003c9   Thumb Code     2  startup_tm4c129.o(.text)
    I2C9_Handler                             0x000003cb   Thumb Code     2  startup_tm4c129.o(.text)
    GPIOT_Handler                            0x000003cd   Thumb Code     2  startup_tm4c129.o(.text)
    DisableInterrupts                        0x000003cf   Thumb Code     0  startup_tm4c129.o(.text)
    EnableInterrupts                         0x000003d3   Thumb Code     0  startup_tm4c129.o(.text)
    WaitForInterrupt                         0x000003d7   Thumb Code     0  startup_tm4c129.o(.text)
    __user_initial_stackheap                 0x000003dd   Thumb Code     0  startup_tm4c129.o(.text)
    __use_two_region_memory                  0x000003fd   Thumb Code     2  heapauxi.o(.text)
    __rt_heap_escrow$2region                 0x000003ff   Thumb Code     2  heapauxi.o(.text)
    __rt_heap_expand$2region                 0x00000401   Thumb Code     2  heapauxi.o(.text)
    __user_setup_stackheap                   0x00000403   Thumb Code    74  sys_stackheap_outer.o(.text)
    exit                                     0x0000044d   Thumb Code    18  exit.o(.text)
    __user_libspace                          0x00000461   Thumb Code     8  libspace.o(.text)
    __user_perproc_libspace                  0x00000461   Thumb Code     0  libspace.o(.text)
    __user_perthread_libspace                0x00000461   Thumb Code     0  libspace.o(.text)
    _sys_exit                                0x00000469   Thumb Code     8  sys_exit.o(.text)
    __I$use$semihosting                      0x00000475   Thumb Code     0  use_no_semi.o(.text)
    __use_no_semihosting_swi                 0x00000475   Thumb Code     2  use_no_semi.o(.text)
    __semihosting_library_function           0x00000477   Thumb Code     0  indicate_semi.o(.text)
    GPIOPortJ_Handler                        0x00000479   Thumb Code    82  main.o(i.GPIOPortJ_Handler)
    LcdClear                                 0x000004d9   Thumb Code    24  main.o(i.LcdClear)
    Nokia5110_Init                           0x000004f1   Thumb Code   300  main.o(i.Nokia5110_Init)
    Nokia5110_OutChar                        0x00000639   Thumb Code    52  main.o(i.Nokia5110_OutChar)
    Nokia5110_OutString                      0x00000671   Thumb Code    22  main.o(i.Nokia5110_OutString)
    SystemInit                               0x00000689   Thumb Code    20  system_tm4c129.o(i.SystemInit)
    TIMER0A_Handler                          0x000006a9   Thumb Code   114  main.o(i.TIMER0A_Handler)
    TIMER1A_Handler                          0x0000073d   Thumb Code    24  main.o(i.TIMER1A_Handler)
    Timer0A_Init                             0x00000765   Thumb Code   118  main.o(i.Timer0A_Init)
    configJ                                  0x000007fd   Thumb Code   214  main.o(i.configJ)
    configN                                  0x000008ed   Thumb Code    72  main.o(i.configN)
    configurarPantallaNokia                  0x00000941   Thumb Code    12  main.o(i.configurarPantallaNokia)
    configurarRTC                            0x0000094d   Thumb Code     8  main.o(i.configurarRTC)
    configurarTimer1                         0x00000955   Thumb Code   106  main.o(i.configurarTimer1)
    inicializacionPuertos                    0x000009dd   Thumb Code    16  main.o(i.inicializacionPuertos)
    initPortD                                0x000009ed   Thumb Code    76  main.o(i.initPortD)
    init_Delay                               0x00000a49   Thumb Code    50  main.o(i.init_Delay)
    limpiar_horas                            0x00000abd   Thumb Code    26  main.o(i.limpiar_horas)
    limpiar_minutos                          0x00000add   Thumb Code    26  main.o(i.limpiar_minutos)
    limpiar_segundos                         0x00000afd   Thumb Code    26  main.o(i.limpiar_segundos)
    main                                     0x00000b1d   Thumb Code    24  main.o(i.main)
    mostrar_hora_min_seg                     0x00000b35   Thumb Code    88  main.o(i.mostrar_hora_min_seg)
    mostrar_hora_t                           0x00000b91   Thumb Code   148  main.o(i.mostrar_hora_t)
    primerPlano                              0x00000c31   Thumb Code   122  main.o(i.primerPlano)
    programarHora                            0x00000cd1   Thumb Code   932  main.o(i.programarHora)
    wait_end_Delay                           0x00001089   Thumb Code    34  main.o(i.wait_end_Delay)
    _fp_init                                 0x000010ab   Thumb Code    10  fpinit.o(x$fpl$fpinit)
    __fplib_config_fpu_vfp                   0x000010b3   Thumb Code     0  fpinit.o(x$fpl$fpinit)
    __fplib_config_pureend_doubles           0x000010b3   Thumb Code     0  fpinit.o(x$fpl$fpinit)
    alex                                     0x00001294   Data         504  main.o(.constdata)
    Region$$Table$$Base                      0x0000148c   Number         0  anon$$obj.o(Region$$Table)
    Region$$Table$$Limit                     0x000014ac   Number         0  anon$$obj.o(Region$$Table)
    bandera                                  0x20000000   Data           4  main.o(.data)
    bandera2                                 0x20000004   Data           4  main.o(.data)
    hour                                     0x20000008   Data           1  main.o(.data)
    min                                      0x20000009   Data           1  main.o(.data)
    seg                                      0x2000000a   Data           1  main.o(.data)
    day                                      0x2000000c   Data           4  main.o(.data)
    temp                                     0x20000010   Data           4  main.o(.data)
    UADY                                     0x20000014   Data         504  main.o(.data)
    flag                                     0x2000020c   Data           1  main.o(.data)
    segTimer                                 0x20000210   Data           4  main.o(.data)
    SystemCoreClock                          0x20000214   Data           4  system_tm4c129.o(.data)
    __libspace_start                         0x20000218   Data          96  libspace.o(.bss)
    __temporary_stack_top$libspace           0x20000278   Data           0  libspace.o(.bss)



==============================================================================

Memory Map of the image

  Image Entry point : 0x000002c1

  Load Region LR_1 (Base: 0x00000000, Size: 0x000016c4, Max: 0xffffffff, ABSOLUTE, COMPRESSED[0x0000159c])

    Execution Region ER_RO (Exec base: 0x00000000, Load base: 0x00000000, Size: 0x000014ac, Max: 0xffffffff, ABSOLUTE)

    Exec Addr    Load Addr    Size         Type   Attr      Idx    E Section Name        Object

    0x00000000   0x00000000   0x00000200   Data   RO          257    RESET               startup_tm4c129.o
    0x00000200   0x00000200   0x00000008   Code   RO          322  * !!!main             c_w.l(__main.o)
    0x00000208   0x00000208   0x00000034   Code   RO          481    !!!scatter          c_w.l(__scatter.o)
    0x0000023c   0x0000023c   0x0000003a   Code   RO          479    !!dczerorl          c_w.l(__dczerorl.o)
    0x00000276   0x00000276   0x00000002   PAD
    0x00000278   0x00000278   0x0000001c   Code   RO          483    !!handler_zi        c_w.l(__scatter_zi.o)
    0x00000294   0x00000294   0x00000002   Code   RO          349    .ARM.Collect$$libinit$$00000000  c_w.l(libinit.o)
    0x00000296   0x00000296   0x00000004   Code   RO          355    .ARM.Collect$$libinit$$00000001  c_w.l(libinit2.o)
    0x0000029a   0x0000029a   0x00000000   Code   RO          358    .ARM.Collect$$libinit$$00000004  c_w.l(libinit2.o)
    0x0000029a   0x0000029a   0x00000000   Code   RO          361    .ARM.Collect$$libinit$$0000000A  c_w.l(libinit2.o)
    0x0000029a   0x0000029a   0x00000000   Code   RO          363    .ARM.Collect$$libinit$$0000000C  c_w.l(libinit2.o)
    0x0000029a   0x0000029a   0x00000000   Code   RO          365    .ARM.Collect$$libinit$$0000000E  c_w.l(libinit2.o)
    0x0000029a   0x0000029a   0x00000000   Code   RO          368    .ARM.Collect$$libinit$$00000011  c_w.l(libinit2.o)
    0x0000029a   0x0000029a   0x00000000   Code   RO          370    .ARM.Collect$$libinit$$00000013  c_w.l(libinit2.o)
    0x0000029a   0x0000029a   0x00000000   Code   RO          372    .ARM.Collect$$libinit$$00000015  c_w.l(libinit2.o)
    0x0000029a   0x0000029a   0x00000000   Code   RO          374    .ARM.Collect$$libinit$$00000017  c_w.l(libinit2.o)
    0x0000029a   0x0000029a   0x00000000   Code   RO          376    .ARM.Collect$$libinit$$00000019  c_w.l(libinit2.o)
    0x0000029a   0x0000029a   0x00000000   Code   RO          378    .ARM.Collect$$libinit$$0000001B  c_w.l(libinit2.o)
    0x0000029a   0x0000029a   0x00000000   Code   RO          380    .ARM.Collect$$libinit$$0000001D  c_w.l(libinit2.o)
    0x0000029a   0x0000029a   0x00000000   Code   RO          382    .ARM.Collect$$libinit$$0000001F  c_w.l(libinit2.o)
    0x0000029a   0x0000029a   0x00000000   Code   RO          384    .ARM.Collect$$libinit$$00000021  c_w.l(libinit2.o)
    0x0000029a   0x0000029a   0x00000000   Code   RO          386    .ARM.Collect$$libinit$$00000023  c_w.l(libinit2.o)
    0x0000029a   0x0000029a   0x00000000   Code   RO          388    .ARM.Collect$$libinit$$00000025  c_w.l(libinit2.o)
    0x0000029a   0x0000029a   0x00000000   Code   RO          392    .ARM.Collect$$libinit$$0000002C  c_w.l(libinit2.o)
    0x0000029a   0x0000029a   0x00000000   Code   RO          394    .ARM.Collect$$libinit$$0000002E  c_w.l(libinit2.o)
    0x0000029a   0x0000029a   0x00000000   Code   RO          396    .ARM.Collect$$libinit$$00000030  c_w.l(libinit2.o)
    0x0000029a   0x0000029a   0x00000000   Code   RO          398    .ARM.Collect$$libinit$$00000032  c_w.l(libinit2.o)
    0x0000029a   0x0000029a   0x00000002   Code   RO          399    .ARM.Collect$$libinit$$00000033  c_w.l(libinit2.o)
    0x0000029c   0x0000029c   0x00000002   Code   RO          419    .ARM.Collect$$libshutdown$$00000000  c_w.l(libshutdown.o)
    0x0000029e   0x0000029e   0x00000000   Code   RO          432    .ARM.Collect$$libshutdown$$00000002  c_w.l(libshutdown2.o)
    0x0000029e   0x0000029e   0x00000000   Code   RO          434    .ARM.Collect$$libshutdown$$00000004  c_w.l(libshutdown2.o)
    0x0000029e   0x0000029e   0x00000000   Code   RO          437    .ARM.Collect$$libshutdown$$00000007  c_w.l(libshutdown2.o)
    0x0000029e   0x0000029e   0x00000000   Code   RO          440    .ARM.Collect$$libshutdown$$0000000A  c_w.l(libshutdown2.o)
    0x0000029e   0x0000029e   0x00000000   Code   RO          442    .ARM.Collect$$libshutdown$$0000000C  c_w.l(libshutdown2.o)
    0x0000029e   0x0000029e   0x00000000   Code   RO          445    .ARM.Collect$$libshutdown$$0000000F  c_w.l(libshutdown2.o)
    0x0000029e   0x0000029e   0x00000002   Code   RO          446    .ARM.Collect$$libshutdown$$00000010  c_w.l(libshutdown2.o)
    0x000002a0   0x000002a0   0x00000000   Code   RO          324    .ARM.Collect$$rtentry$$00000000  c_w.l(__rtentry.o)
    0x000002a0   0x000002a0   0x00000000   Code   RO          326    .ARM.Collect$$rtentry$$00000002  c_w.l(__rtentry2.o)
    0x000002a0   0x000002a0   0x00000006   Code   RO          338    .ARM.Collect$$rtentry$$00000004  c_w.l(__rtentry4.o)
    0x000002a6   0x000002a6   0x00000000   Code   RO          328    .ARM.Collect$$rtentry$$00000009  c_w.l(__rtentry2.o)
    0x000002a6   0x000002a6   0x00000004   Code   RO          329    .ARM.Collect$$rtentry$$0000000A  c_w.l(__rtentry2.o)
    0x000002aa   0x000002aa   0x00000000   Code   RO          331    .ARM.Collect$$rtentry$$0000000C  c_w.l(__rtentry2.o)
    0x000002aa   0x000002aa   0x00000008   Code   RO          332    .ARM.Collect$$rtentry$$0000000D  c_w.l(__rtentry2.o)
    0x000002b2   0x000002b2   0x00000002   Code   RO          353    .ARM.Collect$$rtexit$$00000000  c_w.l(rtexit.o)
    0x000002b4   0x000002b4   0x00000000   Code   RO          401    .ARM.Collect$$rtexit$$00000002  c_w.l(rtexit2.o)
    0x000002b4   0x000002b4   0x00000004   Code   RO          402    .ARM.Collect$$rtexit$$00000003  c_w.l(rtexit2.o)
    0x000002b8   0x000002b8   0x00000006   Code   RO          403    .ARM.Collect$$rtexit$$00000004  c_w.l(rtexit2.o)
    0x000002be   0x000002be   0x00000002   PAD
    0x000002c0   0x000002c0   0x0000013c   Code   RO          258  * .text               startup_tm4c129.o
    0x000003fc   0x000003fc   0x00000006   Code   RO          320    .text               c_w.l(heapauxi.o)
    0x00000402   0x00000402   0x0000004a   Code   RO          340    .text               c_w.l(sys_stackheap_outer.o)
    0x0000044c   0x0000044c   0x00000012   Code   RO          342    .text               c_w.l(exit.o)
    0x0000045e   0x0000045e   0x00000002   PAD
    0x00000460   0x00000460   0x00000008   Code   RO          350    .text               c_w.l(libspace.o)
    0x00000468   0x00000468   0x0000000c   Code   RO          411    .text               c_w.l(sys_exit.o)
    0x00000474   0x00000474   0x00000002   Code   RO          422    .text               c_w.l(use_no_semi.o)
    0x00000476   0x00000476   0x00000000   Code   RO          424    .text               c_w.l(indicate_semi.o)
    0x00000476   0x00000476   0x00000002   PAD
    0x00000478   0x00000478   0x00000060   Code   RO            1    i.GPIOPortJ_Handler  main.o
    0x000004d8   0x000004d8   0x00000018   Code   RO            4    i.LcdClear          main.o
    0x000004f0   0x000004f0   0x00000148   Code   RO            5    i.Nokia5110_Init    main.o
    0x00000638   0x00000638   0x00000038   Code   RO            6    i.Nokia5110_OutChar  main.o
    0x00000670   0x00000670   0x00000016   Code   RO            7    i.Nokia5110_OutString  main.o
    0x00000686   0x00000686   0x00000002   PAD
    0x00000688   0x00000688   0x00000020   Code   RO          267    i.SystemInit        system_tm4c129.o
    0x000006a8   0x000006a8   0x00000094   Code   RO           11    i.TIMER0A_Handler   main.o
    0x0000073c   0x0000073c   0x00000028   Code   RO           12    i.TIMER1A_Handler   main.o
    0x00000764   0x00000764   0x00000098   Code   RO           13    i.Timer0A_Init      main.o
    0x000007fc   0x000007fc   0x000000f0   Code   RO           14    i.configJ           main.o
    0x000008ec   0x000008ec   0x00000054   Code   RO           15    i.configN           main.o
    0x00000940   0x00000940   0x0000000c   Code   RO           16    i.configurarPantallaNokia  main.o
    0x0000094c   0x0000094c   0x00000008   Code   RO           17    i.configurarRTC     main.o
    0x00000954   0x00000954   0x00000088   Code   RO           18    i.configurarTimer1  main.o
    0x000009dc   0x000009dc   0x00000010   Code   RO           19    i.inicializacionPuertos  main.o
    0x000009ec   0x000009ec   0x0000005c   Code   RO           21    i.initPortD         main.o
    0x00000a48   0x00000a48   0x00000032   Code   RO           22    i.init_Delay        main.o
    0x00000a7a   0x00000a7a   0x00000002   PAD
    0x00000a7c   0x00000a7c   0x00000040   Code   RO           23    i.lcdwrite          main.o
    0x00000abc   0x00000abc   0x00000020   Code   RO           24    i.limpiar_horas     main.o
    0x00000adc   0x00000adc   0x00000020   Code   RO           25    i.limpiar_minutos   main.o
    0x00000afc   0x00000afc   0x00000020   Code   RO           26    i.limpiar_segundos  main.o
    0x00000b1c   0x00000b1c   0x00000018   Code   RO           27    i.main              main.o
    0x00000b34   0x00000b34   0x0000005c   Code   RO           28    i.mostrar_hora_min_seg  main.o
    0x00000b90   0x00000b90   0x000000a0   Code   RO           29    i.mostrar_hora_t    main.o
    0x00000c30   0x00000c30   0x000000a0   Code   RO           34    i.primerPlano       main.o
    0x00000cd0   0x00000cd0   0x000003b8   Code   RO           35    i.programarHora     main.o
    0x00001088   0x00001088   0x00000022   Code   RO           36    i.wait_end_Delay    main.o
    0x000010aa   0x000010aa   0x0000000a   Code   RO          409    x$fpl$fpinit        fz_wm.l(fpinit.o)
    0x000010b4   0x000010b4   0x000003d8   Data   RO           37    .constdata          main.o
    0x0000148c   0x0000148c   0x00000020   Data   RO          477    Region$$Table       anon$$obj.o


    Execution Region ER_RW (Exec base: 0x20000000, Load base: 0x000014ac, Size: 0x00000218, Max: 0xffffffff, ABSOLUTE, COMPRESSED[0x000000f0])

    Exec Addr    Load Addr    Size         Type   Attr      Idx    E Section Name        Object

    0x20000000   COMPRESSED   0x00000214   Data   RW           38    .data               main.o
    0x20000214   COMPRESSED   0x00000004   Data   RW          268    .data               system_tm4c129.o


    Execution Region ER_ZI (Exec base: 0x20000218, Load base: 0x0000159c, Size: 0x00000260, Max: 0xffffffff, ABSOLUTE)

    Exec Addr    Load Addr    Size         Type   Attr      Idx    E Section Name        Object

    0x20000218        -       0x00000060   Zero   RW          351    .bss                c_w.l(libspace.o)
    0x20000278        -       0x00000000   Zero   RW          256    HEAP                startup_tm4c129.o
    0x20000278        -       0x00000200   Zero   RW          255    STACK               startup_tm4c129.o


==============================================================================

Image component sizes


      Code (inc. data)   RO Data    RW Data    ZI Data      Debug   Object Name

      3086        314        984        532          0      22651   main.o
       316         24        512          0        512       6124   startup_tm4c129.o
        32         12          0          4          0        847   system_tm4c129.o

    ----------------------------------------------------------------------
      3438        350       1528        536        512      29622   Object Totals
         0          0         32          0          0          0   (incl. Generated)
         4          0          0          0          0          0   (incl. Padding)

    ----------------------------------------------------------------------

      Code (inc. data)   RO Data    RW Data    ZI Data      Debug   Library Member Name

        58          0          0          0          0          0   __dczerorl.o
         8          0          0          0          0         68   __main.o
         0          0          0          0          0          0   __rtentry.o
        12          0          0          0          0          0   __rtentry2.o
         6          0          0          0          0          0   __rtentry4.o
        52          8          0          0          0          0   __scatter.o
        28          0          0          0          0          0   __scatter_zi.o
        18          0          0          0          0         80   exit.o
         6          0          0          0          0        152   heapauxi.o
         0          0          0          0          0          0   indicate_semi.o
         2          0          0          0          0          0   libinit.o
         6          0          0          0          0          0   libinit2.o
         2          0          0          0          0          0   libshutdown.o
         2          0          0          0          0          0   libshutdown2.o
         8          4          0          0         96         68   libspace.o
         2          0          0          0          0          0   rtexit.o
        10          0          0          0          0          0   rtexit2.o
        12          4          0          0          0         68   sys_exit.o
        74          0          0          0          0         80   sys_stackheap_outer.o
         2          0          0          0          0         68   use_no_semi.o
        10          0          0          0          0        116   fpinit.o

    ----------------------------------------------------------------------
       326         16          0          0         96        700   Library Totals
         8          0          0          0          0          0   (incl. Padding)

    ----------------------------------------------------------------------

      Code (inc. data)   RO Data    RW Data    ZI Data      Debug   Library Name

       308         16          0          0         96        584   c_w.l
        10          0          0          0          0        116   fz_wm.l

    ----------------------------------------------------------------------
       326         16          0          0         96        700   Library Totals

    ----------------------------------------------------------------------

==============================================================================


      Code (inc. data)   RO Data    RW Data    ZI Data      Debug   

      3764        366       1528        536        608      27866   Grand Totals
      3764        366       1528        240        608      27866   ELF Image Totals (compressed)
      3764        366       1528        240          0          0   ROM Totals

==============================================================================

    Total RO  Size (Code + RO Data)                 5292 (   5.17kB)
    Total RW  Size (RW Data + ZI Data)              1144 (   1.12kB)
    Total ROM Size (Code + RO Data + RW Data)       5532 (   5.40kB)

==============================================================================

